2026-03-31 00:56:57,144 [INFO] Index update started
2026-03-31 00:56:57,146 [INFO] Use pytorch device_name: cpu
2026-03-31 00:56:57,146 [INFO] Load pretrained SentenceTransformer: sentence-transformers/all-MiniLM-L6-v2
2026-03-31 00:56:57,681 [INFO] HTTP Request: HEAD https://huggingface.co/sentence-transformers/all-MiniLM-L6-v2/resolve/main/modules.json "HTTP/1.1 307 Temporary Redirect"
2026-03-31 00:56:57,799 [INFO] HTTP Request: HEAD https://huggingface.co/api/resolve-cache/models/sentence-transformers/all-MiniLM-L6-v2/c9745ed1d9f207416be6d2e6f8de32d1f16199bf/modules.json "HTTP/1.1 200 OK"
2026-03-31 00:56:58,025 [INFO] HTTP Request: HEAD https://huggingface.co/sentence-transformers/all-MiniLM-L6-v2/resolve/main/config_sentence_transformers.json "HTTP/1.1 307 Temporary Redirect"
2026-03-31 00:56:58,025 [WARNING] Warning: You are sending unauthenticated requests to the HF Hub. Please set a HF_TOKEN to enable higher rate limits and faster downloads.
2026-03-31 00:56:58,124 [INFO] HTTP Request: HEAD https://huggingface.co/api/resolve-cache/models/sentence-transformers/all-MiniLM-L6-v2/c9745ed1d9f207416be6d2e6f8de32d1f16199bf/config_sentence_transformers.json "HTTP/1.1 200 OK"
2026-03-31 00:56:58,352 [INFO] HTTP Request: HEAD https://huggingface.co/sentence-transformers/all-MiniLM-L6-v2/resolve/main/config_sentence_transformers.json "HTTP/1.1 307 Temporary Redirect"
2026-03-31 00:56:58,449 [INFO] HTTP Request: HEAD https://huggingface.co/api/resolve-cache/models/sentence-transformers/all-MiniLM-L6-v2/c9745ed1d9f207416be6d2e6f8de32d1f16199bf/config_sentence_transformers.json "HTTP/1.1 200 OK"
2026-03-31 00:56:58,683 [INFO] HTTP Request: HEAD https://huggingface.co/sentence-transformers/all-MiniLM-L6-v2/resolve/main/README.md "HTTP/1.1 307 Temporary Redirect"
2026-03-31 00:56:58,781 [INFO] HTTP Request: HEAD https://huggingface.co/api/resolve-cache/models/sentence-transformers/all-MiniLM-L6-v2/c9745ed1d9f207416be6d2e6f8de32d1f16199bf/README.md "HTTP/1.1 200 OK"
2026-03-31 00:56:59,006 [INFO] HTTP Request: HEAD https://huggingface.co/sentence-transformers/all-MiniLM-L6-v2/resolve/main/modules.json "HTTP/1.1 307 Temporary Redirect"
2026-03-31 00:56:59,104 [INFO] HTTP Request: HEAD https://huggingface.co/api/resolve-cache/models/sentence-transformers/all-MiniLM-L6-v2/c9745ed1d9f207416be6d2e6f8de32d1f16199bf/modules.json "HTTP/1.1 200 OK"
2026-03-31 00:56:59,330 [INFO] HTTP Request: HEAD https://huggingface.co/sentence-transformers/all-MiniLM-L6-v2/resolve/main/sentence_bert_config.json "HTTP/1.1 307 Temporary Redirect"
2026-03-31 00:56:59,429 [INFO] HTTP Request: HEAD https://huggingface.co/api/resolve-cache/models/sentence-transformers/all-MiniLM-L6-v2/c9745ed1d9f207416be6d2e6f8de32d1f16199bf/sentence_bert_config.json "HTTP/1.1 200 OK"
2026-03-31 00:56:59,658 [INFO] HTTP Request: HEAD https://huggingface.co/sentence-transformers/all-MiniLM-L6-v2/resolve/main/adapter_config.json "HTTP/1.1 404 Not Found"
2026-03-31 00:56:59,882 [INFO] HTTP Request: HEAD https://huggingface.co/sentence-transformers/all-MiniLM-L6-v2/resolve/main/config.json "HTTP/1.1 307 Temporary Redirect"
2026-03-31 00:56:59,980 [INFO] HTTP Request: HEAD https://huggingface.co/api/resolve-cache/models/sentence-transformers/all-MiniLM-L6-v2/c9745ed1d9f207416be6d2e6f8de32d1f16199bf/config.json "HTTP/1.1 200 OK"
2026-03-31 00:57:00,311 [INFO] HTTP Request: HEAD https://huggingface.co/sentence-transformers/all-MiniLM-L6-v2/resolve/main/config.json "HTTP/1.1 307 Temporary Redirect"
2026-03-31 00:57:00,409 [INFO] HTTP Request: HEAD https://huggingface.co/api/resolve-cache/models/sentence-transformers/all-MiniLM-L6-v2/c9745ed1d9f207416be6d2e6f8de32d1f16199bf/config.json "HTTP/1.1 200 OK"
2026-03-31 00:57:00,639 [INFO] HTTP Request: HEAD https://huggingface.co/sentence-transformers/all-MiniLM-L6-v2/resolve/main/tokenizer_config.json "HTTP/1.1 307 Temporary Redirect"
2026-03-31 00:57:00,738 [INFO] HTTP Request: HEAD https://huggingface.co/api/resolve-cache/models/sentence-transformers/all-MiniLM-L6-v2/c9745ed1d9f207416be6d2e6f8de32d1f16199bf/tokenizer_config.json "HTTP/1.1 200 OK"
2026-03-31 00:57:01,001 [INFO] HTTP Request: GET https://huggingface.co/api/models/sentence-transformers/all-MiniLM-L6-v2/tree/main/additional_chat_templates?recursive=false&expand=false "HTTP/1.1 404 Not Found"
2026-03-31 00:57:01,228 [INFO] HTTP Request: GET https://huggingface.co/api/models/sentence-transformers/all-MiniLM-L6-v2/tree/main?recursive=true&expand=false "HTTP/1.1 200 OK"
2026-03-31 00:57:01,527 [INFO] HTTP Request: HEAD https://huggingface.co/sentence-transformers/all-MiniLM-L6-v2/resolve/main/1_Pooling/config.json "HTTP/1.1 307 Temporary Redirect"
2026-03-31 00:57:01,626 [INFO] HTTP Request: HEAD https://huggingface.co/api/resolve-cache/models/sentence-transformers/all-MiniLM-L6-v2/c9745ed1d9f207416be6d2e6f8de32d1f16199bf/1_Pooling%2Fconfig.json "HTTP/1.1 200 OK"
2026-03-31 00:57:01,861 [INFO] HTTP Request: GET https://huggingface.co/api/models/sentence-transformers/all-MiniLM-L6-v2 "HTTP/1.1 200 OK"
2026-03-31 00:57:01,872 [INFO] Processed 12_Grimmauld_Place.txt: 60 chunks
2026-03-31 00:57:01,872 [INFO] Processed Accio.txt: 13 chunks
2026-03-31 00:57:01,873 [INFO] Processed Acromantula.txt: 20 chunks
2026-03-31 00:57:01,907 [INFO] Processed Albus_Dumbledore.txt: 692 chunks
2026-03-31 00:57:01,908 [INFO] Processed Alohomora.txt: 9 chunks
2026-03-31 00:57:01,912 [INFO] Processed Avada_Kedavra.txt: 85 chunks
2026-03-31 00:57:01,914 [INFO] Processed Basilisk.txt: 42 chunks
2026-03-31 00:57:01,919 [INFO] Processed British_Ministry_of_Magic.txt: 156 chunks
2026-03-31 00:57:01,920 [INFO] Processed Centaur.txt: 36 chunks
2026-03-31 00:57:01,927 [INFO] Processed Death_Eaters.txt: 132 chunks
2026-03-31 00:57:01,939 [INFO] Processed Draco_Malfoy.txt: 258 chunks
2026-03-31 00:57:01,941 [INFO] Processed Dragon.txt: 41 chunks
2026-03-31 00:57:01,946 [INFO] Processed Dumbledores_Army.txt: 95 chunks
2026-03-31 00:57:01,949 [INFO] Processed Expecto_Patronum.txt: 73 chunks
2026-03-31 00:57:01,949 [INFO] Processed Expelliarmus.txt: 6 chunks
2026-03-31 00:57:01,960 [INFO] Processed First_Wizarding_War.txt: 212 chunks
2026-03-31 00:57:01,961 [INFO] Processed First_World_War.txt: 11 chunks
2026-03-31 00:57:01,975 [INFO] Processed Ginevra_Weasley.txt: 305 chunks
2026-03-31 00:57:01,980 [INFO] Processed Global_Wizarding_War.txt: 102 chunks
2026-03-31 00:57:01,981 [INFO] Processed Gryffindor.txt: 27 chunks
2026-03-31 00:57:01,982 [INFO] Processed Halloween_feast.txt: 11 chunks
2026-03-31 00:57:02,029 [INFO] Processed Harry_Potter.txt: 953 chunks
2026-03-31 00:57:02,055 [INFO] Processed Hermione_Granger.txt: 553 chunks
2026-03-31 00:57:02,065 [INFO] Processed Hogwarts_School_of_Witchcraft_and_Wizardry.txt: 259 chunks
2026-03-31 00:57:02,066 [INFO] Processed Hufflepuff.txt: 24 chunks
2026-03-31 00:57:02,066 [INFO] Processed Lumos.txt: 9 chunks
2026-03-31 00:57:02,077 [INFO] Processed Luna_Lovegood.txt: 209 chunks
2026-03-31 00:57:02,087 [INFO] Processed Neville_Longbottom.txt: 247 chunks
2026-03-31 00:57:02,088 [INFO] Processed Obliviate.txt: 25 chunks
2026-03-31 00:57:02,093 [INFO] Processed Order_of_the_Phoenix.txt: 95 chunks
2026-03-31 00:57:02,094 [INFO] Processed Pixie.txt: 13 chunks
2026-03-31 00:57:02,095 [INFO] Processed Ravenclaw.txt: 26 chunks
2026-03-31 00:57:02,095 [INFO] Processed Riddikulus.txt: 9 chunks
2026-03-31 00:57:02,116 [INFO] Processed Ronald_Weasley.txt: 475 chunks
2026-03-31 00:57:02,122 [INFO] Processed Second_Wizarding_War.txt: 147 chunks
2026-03-31 00:57:02,124 [INFO] Processed Sectumsempra.txt: 23 chunks
2026-03-31 00:57:02,145 [INFO] Processed Severus_Snape.txt: 482 chunks
2026-03-31 00:57:02,147 [INFO] Processed Slytherin.txt: 56 chunks
2026-03-31 00:57:02,176 [INFO] Processed Tom_Riddle.txt: 618 chunks
2026-03-31 00:57:02,178 [INFO] Processed Wingardium_Leviosa.txt: 19 chunks
2026-03-31 00:57:42,970 [INFO] Creating new FAISS index
2026-03-31 00:57:42,982 [INFO] index updated at 2026-03-31, 40 files added, 6628 chunks added, index size: 6628, errors: 0
2026-03-31 01:00:07,900 [INFO] Index update started
2026-03-31 01:00:07,901 [INFO] Use pytorch device_name: cpu
2026-03-31 01:00:07,901 [INFO] Load pretrained SentenceTransformer: sentence-transformers/all-MiniLM-L6-v2
2026-03-31 01:00:08,489 [INFO] HTTP Request: HEAD https://huggingface.co/sentence-transformers/all-MiniLM-L6-v2/resolve/main/modules.json "HTTP/1.1 307 Temporary Redirect"
2026-03-31 01:00:08,583 [INFO] HTTP Request: HEAD https://huggingface.co/api/resolve-cache/models/sentence-transformers/all-MiniLM-L6-v2/c9745ed1d9f207416be6d2e6f8de32d1f16199bf/modules.json "HTTP/1.1 200 OK"
2026-03-31 01:00:08,821 [INFO] HTTP Request: HEAD https://huggingface.co/sentence-transformers/all-MiniLM-L6-v2/resolve/main/config_sentence_transformers.json "HTTP/1.1 307 Temporary Redirect"
2026-03-31 01:00:08,821 [WARNING] Warning: You are sending unauthenticated requests to the HF Hub. Please set a HF_TOKEN to enable higher rate limits and faster downloads.
2026-03-31 01:00:09,123 [INFO] HTTP Request: HEAD https://huggingface.co/api/resolve-cache/models/sentence-transformers/all-MiniLM-L6-v2/c9745ed1d9f207416be6d2e6f8de32d1f16199bf/config_sentence_transformers.json "HTTP/1.1 200 OK"
2026-03-31 01:00:09,534 [INFO] HTTP Request: HEAD https://huggingface.co/sentence-transformers/all-MiniLM-L6-v2/resolve/main/config_sentence_transformers.json "HTTP/1.1 307 Temporary Redirect"
2026-03-31 01:00:09,651 [INFO] HTTP Request: HEAD https://huggingface.co/api/resolve-cache/models/sentence-transformers/all-MiniLM-L6-v2/c9745ed1d9f207416be6d2e6f8de32d1f16199bf/config_sentence_transformers.json "HTTP/1.1 200 OK"
2026-03-31 01:00:09,891 [INFO] HTTP Request: HEAD https://huggingface.co/sentence-transformers/all-MiniLM-L6-v2/resolve/main/README.md "HTTP/1.1 307 Temporary Redirect"
2026-03-31 01:00:10,035 [INFO] HTTP Request: HEAD https://huggingface.co/api/resolve-cache/models/sentence-transformers/all-MiniLM-L6-v2/c9745ed1d9f207416be6d2e6f8de32d1f16199bf/README.md "HTTP/1.1 200 OK"
2026-03-31 01:00:10,364 [INFO] HTTP Request: HEAD https://huggingface.co/sentence-transformers/all-MiniLM-L6-v2/resolve/main/modules.json "HTTP/1.1 307 Temporary Redirect"
2026-03-31 01:00:10,489 [INFO] HTTP Request: HEAD https://huggingface.co/api/resolve-cache/models/sentence-transformers/all-MiniLM-L6-v2/c9745ed1d9f207416be6d2e6f8de32d1f16199bf/modules.json "HTTP/1.1 200 OK"
2026-03-31 01:00:10,786 [INFO] HTTP Request: HEAD https://huggingface.co/sentence-transformers/all-MiniLM-L6-v2/resolve/main/sentence_bert_config.json "HTTP/1.1 307 Temporary Redirect"
2026-03-31 01:00:11,182 [INFO] HTTP Request: HEAD https://huggingface.co/api/resolve-cache/models/sentence-transformers/all-MiniLM-L6-v2/c9745ed1d9f207416be6d2e6f8de32d1f16199bf/sentence_bert_config.json "HTTP/1.1 200 OK"
2026-03-31 01:00:11,483 [INFO] HTTP Request: HEAD https://huggingface.co/sentence-transformers/all-MiniLM-L6-v2/resolve/main/adapter_config.json "HTTP/1.1 404 Not Found"
2026-03-31 01:00:11,794 [INFO] HTTP Request: HEAD https://huggingface.co/sentence-transformers/all-MiniLM-L6-v2/resolve/main/config.json "HTTP/1.1 307 Temporary Redirect"
2026-03-31 01:00:12,106 [INFO] HTTP Request: HEAD https://huggingface.co/api/resolve-cache/models/sentence-transformers/all-MiniLM-L6-v2/c9745ed1d9f207416be6d2e6f8de32d1f16199bf/config.json "HTTP/1.1 200 OK"
2026-03-31 01:00:12,644 [INFO] HTTP Request: HEAD https://huggingface.co/sentence-transformers/all-MiniLM-L6-v2/resolve/main/config.json "HTTP/1.1 307 Temporary Redirect"
2026-03-31 01:00:12,733 [INFO] HTTP Request: HEAD https://huggingface.co/api/resolve-cache/models/sentence-transformers/all-MiniLM-L6-v2/c9745ed1d9f207416be6d2e6f8de32d1f16199bf/config.json "HTTP/1.1 200 OK"
2026-03-31 01:00:12,992 [INFO] HTTP Request: HEAD https://huggingface.co/sentence-transformers/all-MiniLM-L6-v2/resolve/main/tokenizer_config.json "HTTP/1.1 307 Temporary Redirect"
2026-03-31 01:00:13,111 [INFO] HTTP Request: HEAD https://huggingface.co/api/resolve-cache/models/sentence-transformers/all-MiniLM-L6-v2/c9745ed1d9f207416be6d2e6f8de32d1f16199bf/tokenizer_config.json "HTTP/1.1 200 OK"
2026-03-31 01:00:13,353 [INFO] HTTP Request: GET https://huggingface.co/api/models/sentence-transformers/all-MiniLM-L6-v2/tree/main/additional_chat_templates?recursive=false&expand=false "HTTP/1.1 404 Not Found"
2026-03-31 01:00:13,579 [INFO] HTTP Request: GET https://huggingface.co/api/models/sentence-transformers/all-MiniLM-L6-v2/tree/main?recursive=true&expand=false "HTTP/1.1 200 OK"
2026-03-31 01:00:14,065 [INFO] HTTP Request: HEAD https://huggingface.co/sentence-transformers/all-MiniLM-L6-v2/resolve/main/1_Pooling/config.json "HTTP/1.1 307 Temporary Redirect"
2026-03-31 01:00:14,291 [INFO] HTTP Request: HEAD https://huggingface.co/api/resolve-cache/models/sentence-transformers/all-MiniLM-L6-v2/c9745ed1d9f207416be6d2e6f8de32d1f16199bf/1_Pooling%2Fconfig.json "HTTP/1.1 200 OK"
2026-03-31 01:00:14,654 [INFO] HTTP Request: GET https://huggingface.co/api/models/sentence-transformers/all-MiniLM-L6-v2 "HTTP/1.1 200 OK"
2026-03-31 01:00:14,668 [INFO] Processed test.txt: 1 chunks
2026-03-31 01:00:14,725 [INFO] index updated at 2026-03-31, 1 files added, 1 chunks added, index size: 6629, errors: 0
